// 同步 ID: 3ff2e149 @ Sat Jul 18 08:10:45 UTC 2026
// 同步 ID: a3bcd201 @ Sun Jul 19 15:25:58 UTC 2026
// 重构日志: 2c714e45
// 同步 ID: 383c2685 @ Mon Jul 20 06:59:19 UTC 2026
// 重构日志: 1721ca6c
// 重构日志: 1f2e68eb
// 同步 ID: 710cca54 @ Tue Jul 21 08:41:56 UTC 2026
// 重构日志: ee5c7171
// 同步 ID: 86836142 @ Wed Jul 22 05:56:07 UTC 2026
// 同步 ID: cef8d97b @ Wed Jul 22 09:10:29 UTC 2026
// 同步 ID: 3c82835a @ Wed Jul 22 16:20:05 UTC 2026
// 重构日志: 9fcca2b9
// 重构日志: 7aa127be
// 重构日志: 31e26b43
// 同步 ID: 3dd7bb1f @ Sun Jul 26 18:41:33 UTC 2026
// 同步 ID: 310e538b @ Mon Jul 27 15:44:40 UTC 2026
// 同步 ID: da2eab8c @ Wed Jul 29 03:05:01 UTC 2026
// 同步 ID: b0303605 @ Thu Jul 30 14:18:06 UTC 2026
// 同步 ID: 0b0a8829 @ Thu Jul 30 17:55:17 UTC 2026
// 重构日志: 64624194
// 同步 ID: 7d05cc9a @ Fri Jul 31 09:48:26 UTC 2026
// 重构日志: 6cf4a7af
// 重构日志: 4d99482c
// 重构日志: ab308cd8
// 同步 ID: 4154126a @ Sat Aug  1 15:03:52 UTC 2026
// 同步 ID: bb03691a @ Sun Aug  2 00:20:31 UTC 2026
// 同步 ID: 0696e8db @ Sun Aug  2 11:08:16 UTC 2026
// 同步 ID: a18b3a1b @ Sun Aug  2 12:43:46 UTC 2026
// 重构日志: 236da301
// 同步 ID: 7e6fcd7a @ Tue Aug  4 04:39:01 UTC 2026
